// Jest Snapshot v1, https://goo.gl/fbAQLP

exports[`AddCustomer Renders should render correctly when component called 1`] = `
<Fragment>
  <h3>
    Create your customer
  </h3>
  <div
    className="form"
  >
    <form
      onSubmit={[Function]}
    >
      <div
        className="input-box-type1"
      >
        <h4>
          Display name: 
          <span
            className="required-span"
          >
            *
          </span>
        </h4>
        <input
          name="custname"
          onChange={[Function]}
          placeholder="customer name..."
          type="text"
        />
        <span
          className="required-span"
        >
          * required
        </span>
      </div>
      <br />
      <h4>
        Add a Profile Picture
      </h4>
      <div
        className="image-uploader"
      />
      <button
        className="create-business-button"
      >
         Create Customer Account 
      </button>
    </form>
    <ImageUploader
      className="image-uploader"
      selectImage={[Function]}
      unselectImage={[Function]}
    />
  </div>
</Fragment>
`;
