// Jest Snapshot v1, https://goo.gl/fbAQLP

exports[`Customer view Renders loading message displays when there is no picture 1`] = `"loading"`;

exports[`Customer view Renders should render correctly when component called 1`] = `
<div
  className="c-view"
>
  <p>
    Image loading....
  </p>
  <h1
    className="name-box"
  />
  <div>
    <h3>
      Your Reviews
    </h3>
    <div
      className="review-box"
    >
      <p />
      <p />
      <p />
    </div>
  </div>
</div>
`;
