// Jest Snapshot v1, https://goo.gl/fbAQLP

exports[`AddCustomer Renders should render correctly when component called 1`] = `
<div
  className="add-item-form"
>
  <h2>
    Add Items to your menu
  </h2>
  <form
    onClick={[Function]}
  >
    <div
      className="item-input-box"
    >
      <label>
        Menu Item
      </label>
      <input
        name="item_name"
        onChange={[Function]}
        placeholder="Enter item..."
        type="text"
      />
    </div>
    <div
      className="item-input-box"
    >
      <label>
        Describe item
      </label>
      <input
        name="description"
        onChange={[Function]}
        placeholder="Enter description..."
        type="text-box"
      />
    </div>
    <div
      className="item-input-box"
    >
      <label>
        Price
      </label>
      <input
        name="price"
        onChange={[Function]}
        placeholder="Enter price..."
        type="integer"
      />
    </div>
    <div
      className="item-input-box"
    >
      <label>
        Item Category
      </label>
      <input
        name="category"
        onChange={[Function]}
        placeholder="Enter category..."
        type="text"
      />
    </div>
    <div
      className="item-input-box"
    >
      <label>
        Health
      </label>
      <input
        name="cals"
        onChange={[Function]}
        placeholder="Enter calories amount..."
        type="text"
      />
    </div>
    <button
      className="add-item-button"
    >
      add item
    </button>
  </form>
</div>
`;

exports[`Item Creator Renders should render correctly when component called 1`] = `
<div
  className="add-item-form"
>
  <h2>
    Add Items to your menu
  </h2>
  <form
    onClick={[Function]}
  >
    <div
      className="item-input-box"
    >
      <label>
        Menu Item
      </label>
      <input
        name="item_name"
        onChange={[Function]}
        placeholder="Enter item..."
        type="text"
      />
    </div>
    <div
      className="item-input-box"
    >
      <label>
        Describe item
      </label>
      <input
        name="description"
        onChange={[Function]}
        placeholder="Enter description..."
        type="text-box"
      />
    </div>
    <div
      className="item-input-box"
    >
      <label>
        Price
      </label>
      <input
        name="price"
        onChange={[Function]}
        placeholder="Enter price..."
        type="integer"
      />
    </div>
    <div
      className="item-input-box"
    >
      <label>
        Item Category
      </label>
      <input
        name="category"
        onChange={[Function]}
        placeholder="Enter category..."
        type="text"
      />
    </div>
    <div
      className="item-input-box"
    >
      <label>
        Health
      </label>
      <input
        name="cals"
        onChange={[Function]}
        placeholder="Enter calories amount..."
        type="text"
      />
    </div>
    <button
      className="add-item-button"
    >
      add item
    </button>
  </form>
</div>
`;
